---
source: crates/xtask/src/commands/schema.rs
assertion_line: 200
expression: "schema_value::<ModelArtifactMetadata>().unwrap()"
---
{
  "$defs": {
    "ModelArtifactKind": {
      "enum": [
        "gbdt_ranker",
        "contextual_bandit",
        "online_ensemble",
        "meta_label"
      ],
      "type": "string"
    }
  },
  "$schema": "https://json-schema.org/draft/2020-12/schema",
  "properties": {
    "artifact_kind": {
      "$ref": "#/$defs/ModelArtifactKind"
    },
    "artifact_uri": {
      "type": "string"
    },
    "evaluation_window_end": {
      "format": "date-time",
      "type": "string"
    },
    "evaluation_window_start": {
      "format": "date-time",
      "type": "string"
    },
    "feature_schema_hash": {
      "type": "string"
    },
    "feature_set_version": {
      "type": "string"
    },
    "model_version": {
      "type": "string"
    },
    "strategy_id": {
      "type": "string"
    },
    "trained_at": {
      "format": "date-time",
      "type": "string"
    },
    "training_window_end": {
      "format": "date-time",
      "type": "string"
    },
    "training_window_start": {
      "format": "date-time",
      "type": "string"
    }
  },
  "required": [
    "strategy_id",
    "model_version",
    "feature_set_version",
    "feature_schema_hash",
    "trained_at",
    "training_window_start",
    "training_window_end",
    "evaluation_window_start",
    "evaluation_window_end",
    "artifact_uri",
    "artifact_kind"
  ],
  "title": "ModelArtifactMetadata",
  "type": "object"
}
